;   os2api.lst file
;   INCL_DOSPROCESS	    Process and thread support
;   INCL_DOSINFOSEG	    InfoSeg support
;   INCL_DOSFILEMGR	    File Management
;   INCL_DOSMEMMGR	    Memory Management
;   INCL_DOSSEMAPHORES	    Semaphore support
;   INCL_DOSDATETIME	    Date/Time and Timer support
;   INCL_DOSMODULEMGR	    Module manager
;   INCL_DOSRESOURCES	    Resource support
;   INCL_DOSNLS 	    National Language Support
;   INCL_DOSMISC	    Miscellaneous
;   INCL_DOSSIGNALS	    Signals
;   INCL_DOSMONITORS	    Monitors
;   INCL_DOSQUEUES	    Queues
;   INCL_DOSSESMGR	    Session Manager Support
;   INCL_SUB		    KBD, VIO, MOU
#INCL_DOSPROCESS
DosBeep
DosExit
DosCreateThread
DosResumeThread
DosSuspendThread
DosCWait
DosSleep
DosEnterCritSec
DosExitCritSec
DosExitList
DosExecPgm
DosGetPid
DosGetPrty
DosSetPrty
DosKillProcess
#INCL_DOSINFOSEG
DosGetInfoSeg
#INCL_DOSFILEMGR
DosOpen
DosClose
DosRead
DosWrite
DosDelete
DosDupHandle
DosQFHandState
DosSetFHandState
DosQHandType
DosReadAsync
DosWriteAsync
DosFindFirst
DosFindNext
DosFindClose
DosNewSize
DosBufReset
DosChgFilePtr
DosFileLocks
DosMove
DosMkdir
DosRmdir
DosSelectDisk
DosQCurDisk
DosChdir
DosQCurDir
DosQFSInfo
DosSetFSInfo
DosQVerify
DosSetVerify
DosSetMaxFH
DosQFileInfo
DosSetFileInfo
DosQFileMode
DosSetFileMode
#INCL_DOSMEMMGR
DosAllocSeg
DosReallocSeg
DosFreeSeg
DosGiveSeg
DosGetSeg
DosAllocHuge
DosReallocHuge
DosGetHugeShift
DosAllocShrSeg
DosLockSeg
DosUnlockSeg
DosGetShrSeg
DosMemAvail
DosCreateCSAlias
DosSubAlloc
DosSubFree
DosSubSet
#INCL_DOSSEMAPHORES
DosSemClear
DosSemSet
DosSemWait
DosSemSetWait
DosSemRequest
DosCreateSem
DosOpenSem
DosCloseSem
DosMuxSemWait
#INCL_DOSDATETIME
DosGetDateTime
DosSetDateTime
DosTimerAsync
DosTimerStart
DosTimerStop
#INCL_DOSMODULEMGR
DosLoadModule
DosFreeModule
DosGetProcAddr
DosGetModHandle
DosGetModName
#INCL_DOSNLS
DosGetCtryInfo
DosGetDBCSEv
DosCaseMap
DosGetCollate
DosGetCp
DosSetCp
#INCL_DOSSIGNALS
DosSetSigHandler
DosFlagProcess
DosHoldSignal
DosSendSignal
#INCL_DOSMONITORS
DosMonOpen
DosMonClose
DosMonReg
DosMonRead
DosMonWrite
#INCL_DOSQUEUES
DosMakePipe
DosCloseQueue
DosCreateQueue
DosOpenQueue
DosPeekQueue
DosPurgeQueue
DosQueryQueue
DosReadQueue
DosWriteQueue
#INCL_DOSMISC
DosError
DosSetVec
DosGetMessage
DosErrClass
DosInsMessage
DosPutMessage
DosGetEnv
DosScanEnv
DosSearchPath
DosGetVersion
DosGetMachineMode
#INCL_DOSSESMGR
DosStartSession
DosSetSession
DosSelectSession
DosStopSession
#INCL_DOSDEVICES
DosDevConfig
DosDevIOCtl
DosSystemService
DosCLIAccess
DosPortAccess
DosPhysicalDisk
#INCL_SUB
KbdRegister
KbdDeRegister
KbdCharIn
KbdPeek
KbdStringIn
KbdFlushBuffer
KbdSetStatus
KbdGetStatus
KbdSetCp
KbdGetCp
KbdOpen
KbdClose
KbdGetFocus
KbdFreeFocus
KbdSynch
KbdXlate
KbdSetCustXt
VioRegister
VioDeRegister
VioGetBuf
VioGetCurPos
VioSetCurPos
VioGetCurType
VioSetCurType
VioGetMode
VioSetMode
VioGetPhysBuf
VioReadCellStr
VioReadCharStr
VioWrtCellStr
VioWrtCharStr
VioScrollDn
VioScrollUp
VioScrollLf
VioScrollRt
VioWrtNAttr
VioWrtNCell
VioWrtNChar
VioWrtTTy
VioWrtCharStrAtt
VioShowBuf
VioSetAnsi
VioGetAnsi
VioPrtSc
VioPrtScToggle
VioSavRedrawWait
VioSavRedrawUndo
VioModeWait
VioModeUndo
VioScrLock
VioScrUnLock
VioPopUp
VioEndPopUp
VioGetConfig
VioGetFont
VioSetFont
VioGetCp
VioSetCp
VioGetState
VioSetState
MouRegister
MouDeRegister
MouFlushQue
MouGetHotKey
MouSetHotKey
MouGetPtrPos
MouSetPtrPos
MouSetPtrShape
MouGetPtrShape
MouGetDevStatus
MouGetNumButtons
MouGetNumMickeys
MouReadEventQue
MouGetNumQueEl
MouGetEventMask
MouSetEventMask
MouGetScaleFact
MouSetScaleFact
MouOpen
MouClose
MouRemovePtr
MouDrawPtr
MouSetDevStatus
MouInitReal
MouSynch
